                                ;*** AILZ80ASM *** Z-80 Assembler, version 1.0.0.0, LST:Full:4
                                ;
                                ;   PC-8801mkSR ブート
                                ;
                                
       CD00                     RUN     EQU 0CD00H
       2600                     SIZE        EQU 9728
       CD07                     EXEC        EQU RUN+7
       C000                     MAINADDR    EQU 0C000H
       5000                     SUBADDR     EQU 05000H
                                
                                ;   BIOS ROM
                                
       37CC                     PUTCOM      EQU 037CCH
       37D2                     PUTDAT      EQU 037D2H
       3847                     GETDAT      EQU 03847H
                                
                                ;   ディスクサブシステム
       002A                     MAIN        EQU 0002AH
       0045                     CHECKRESULT EQU 00045H
       040E                     MAPDRV      EQU 0040EH
       06A6                     GETPARAM    EQU 006A6H
       07D6                     SEEK_AND_WAIT   EQU 007D6H
                                
       4000                     DSS_DATA    EQU 04000H
                                
       7000                     DSS_TO      EQU 07000H
                                
       7F14                     CMD_STATUS  EQU 07F14H
                                
                                ;
                                ;   メイン
000000 C000                         ORG MAINADDR
000000 C000 01FE90          10      LD  BC,090FEH   ;01 FE 90
000003 C003 37               4      SCF     ;37
000004 C004 3828            12      JR  C,START ;38 2A
000006 C006 204C442049504C20        DB  " LD IPL "
00000E C00E 537973                  DB  "Sys"
000011 C011 20                      DB  020H    ;パスワード(通常は20h)
000012 C012 1D00                    DW  01DH    ;データサイズ（下位,上位の順）
000014 C014 00FE                    DW  0FE00H  ;読込アドレス（下位,上位の順）
000016 C016 18FE                    DW  0FE18H  ;実行アドレス（下位,上位の順）
000018 C018 3E1D             7      LD  A,01DH  ;年...西暦の下位2桁をBCD形式
                                            ;月,曜日...上位4bitが月、下位が曜日
00001A C01A D300            11      OUT (0),A   ;日...BCD形式
                                            ;時...BCD形式
00001C C01C C7              12      RST 0   ;分...BCD形式
00001D C01D 000000                  DB  0,0,0   ;開始クラスタ
       C020                     DISK_SUB_SYSTEM:
                                ;   ディスクサブシステム
       5020                     DSS EQU DISK_SUB_SYSTEM-07000H
                                
000020 C020 218C50          10      LD  HL,DSS_MAIN-MAINADDR+SUBADDR
000023 C023 110070          10      LD  DE,DSS_TO
000026 C026 017400          10      LD  BC,DSS_LAST-DSS_TO
000029 C029 EDB0                    LDIR
00002B C02B C30070          10      JP  READDISKEX
                                
       C02E                     START:
00002E C02E F3               4      DI
00002F C02F 3100C0          10      LD  SP,0C000H
                                                ;初期化
000032 C032 AF               4      XOR A       ;イニシャライズ
000033 C033 CDCC37          17      CALL    PUTCOM
000036 C036 3E17             7      LD  A,017H      ;セットサーフィスモード
000038 C038 CDCC37          17      CALL    PUTCOM
00003B C03B 3E07             7      LD  A,7     ;Bit3～Bit0 0:片面 1:両面
00003D C03D CDD237          17      CALL    PUTDAT
000040 C040 3E0D             7      LD  A,0DH       ;エグゼキュート
000042 C042 CDCC37          17      CALL    PUTCOM
000045 C045 3E50             7      LD  A,DSS/256
000047 C047 CDD237          17      CALL    PUTDAT
00004A C04A 3E20             7      LD  A,DSS%256
00004C C04C CDD237          17      CALL    PUTDAT
00004F C04F 3E06             7      LD  A,6     ;センドリザルトステータス
000051 C051 CDCC37          17      CALL    PUTCOM
000054 C054 CD4738          17      CALL    GETDAT
000057 C057 0F               4      RRCA
000058 C058 382F            12      JR  C,ERROR
00005A C05A 3E0B             7      LD  A,0BH       ;センドメモリ2
00005C C05C CDCC37          17      CALL    PUTCOM
00005F C05F 3E40             7      LD  A,DSS_DATA/256  ;開始アドレスH
000061 C061 CDD237          17      CALL    PUTDAT
000064 C064 3E07             7      LD  A,7     ;開始アドレスL
000066 C066 CDD237          17      CALL    PUTDAT
000069 C069 01F925          10      LD  BC,SIZE-7
00006C C06C 78               4      LD  A,B     ;バイト数H
00006D C06D CDD237          17      CALL    PUTDAT
000070 C070 79               4      LD  A,C     ;バイト数L
000071 C071 CDD237          17      CALL    PUTDAT
000074 C074 DB32            11      IN  A,(032H)
000076 C076 F610             7      OR  010H        ;高速RAMアクセスモードOFF
000078 C078 D332            11      OUT (032H),A
00007A C07A 2100CD          10      LD  HL,RUN
       C07D                     TRANS1:
00007D C07D CD4738          17      CALL    GETDAT
000080 C080 77               7      LD  (HL),A
000081 C081 EDA1            16      CPI         ;HL=HL+1 BC=BC-1 BCが0の場合にP/V=0
000083 C083 EA7DC0          10      JP  PE,TRANS1
000086 C086 C307CD          10      JP  EXEC
       C089                     ERROR:
000089 C089 76               4      HALT
00008A C08A 18FD            12      JR  ERROR
                                
       C08C                     DSS_MAIN:
00008C 7000                         ORG DSS_TO,DSS_MAIN-MAINADDR
       7000                     READDISKEX:
00008C 7000 210040          10      LD  HL,DSS_DATA ;開始アドレス
00008F 7003 DD216B70        14      LD  IX,DISK_DATA
000093 7007 0603             7      LD  B,3
       7009                     RDDISK0:
000095 7009 C5              11      PUSH    BC
000096 700A CD3F70          17      CALL    FDCOMMAND
       700D                     RDDISK1:
000099 700D FB               4      EI
00009A 700E 76               4      HALT
00009B 700F DBFA            11      IN  A,(0FAH)    ;FDC μPD765A ステータスレジスタリード
00009D 7011 E620             7      AND 20H     ;NO SERVICE
00009F 7013 2808            12      JR  Z,RDDISK2
0000A1 7015 DBFB            11      IN  A,(0FBH)    ;FDC μPD765A データレジスタ
0000A3 7017 77               7      LD  (HL),A
0000A4 7018 EDA1            16      CPI
0000A6 701A EA0D70          10      JP  PE,RDDISK1
       701D                     RDDISK2:
0000A9 701D DBF8            11      IN  A,(0F8H)    ;FDC μPD765A TC入力
0000AB 701F FB               4      EI
0000AC 7020 76               4      HALT
0000AD 7021 CD4500          17      CALL    CHECKRESULT
0000B0 7024 010300          10      LD  BC,3
0000B3 7027 DD09            15      ADD IX,BC
0000B5 7029 C1              10      POP BC
0000B6 702A 10DD            13      DJNZ    RDDISK0
0000B8 702C 3A0040          13      LD  A,(DSS_DATA)
0000BB 702F FEFE             7      CP  0FEH
0000BD 7031 2804            12      JR  Z,RDDISK3
0000BF 7033 3E01             7      LD  A,1
0000C1 7035 1802            12      JR  RDDISK4
       7037                     RDDISK3:
0000C3 7037 3EC0             7      LD  A,0C0H
       7039                     RDDISK4:
0000C5 7039 32147F          13      LD  (CMD_STATUS),A
0000C8 703C C32A00          10      JP  MAIN
                                
       703F                     FDCOMMAND:
0000CB 703F 0E00             7      LD  C,0     ;DRIVE A:
0000CD 7041 DD5600          19      LD  D,(IX+0)
0000D0 7044 CDD607          17      CALL    SEEK_AND_WAIT
0000D3 7047 3E46             7      LD  A,46H       ;READ DATA
0000D5 7049 E7              12      RST 20H
0000D6 704A CD0E04          17      CALL    MAPDRV      ;HD US1 US0
0000D9 704D E7              12      RST 20H
0000DA 704E 7A               4      LD  A,D     ;C
0000DB 704F CB3F             8      SRL A
0000DD 7051 E7              12      RST 20H
0000DE 7052 7A               4      LD  A,D     ;H
0000DF 7053 E601             7      AND 1
0000E1 7055 E7              12      RST 20H
0000E2 7056 DD7E01          19      LD  A,(IX+1)    ;R
0000E5 7059 E7              12      RST 20H
0000E6 705A 3E02             7      LD  A,2     ;N
0000E8 705C E7              12      RST 20H
0000E9 705D 3E09             7      LD  A,9     ;EOT
0000EB 705F E7              12      RST 20H
0000EC 7060 3E54             7      LD  A,54H       ;GSL
0000EE 7062 E7              12      RST 20H
0000EF 7063 AF               4      XOR A       ;DTL
0000F0 7064 E7              12      RST 20H
0000F1 7065 0E00             7      LD  C,0
0000F3 7067 DD4602          19      LD  B,(IX+2)    ;バイト数H
0000F6 706A C9              10      RET
                                
       706B                     DISK_DATA:; T R SZ
0000F7 706B 01040C                  DB  1,4,12  ;3072
0000FA 706E 020112                  DB  2,1,18  ;4608
0000FD 7071 030108                  DB  3,1,8   ;2048
       7074                     DSS_LAST:
[EOF:BOOT88.ASM:SHIFT_JIS]
